0 verbose cli /usr/local/bin/node /usr/local/lib/node_modules/npm/bin/npm-cli.js
1 info using npm@11.6.1
2 info using node@v24.11.0
3 silly config load:file:/usr/local/lib/node_modules/npm/npmrc
4 silly config load:file:/Users/sachinsrivastava/CardioPlus/.npmrc
5 silly config load:file:/Users/sachinsrivastava/.npmrc
6 silly config load:file:/usr/local/etc/npmrc
7 verbose title npm exec firebase-tools@latest projects:create cardio-konnect-sachin-1 --display-name CardioKonnect --non-interactive
8 verbose argv "exec" "--yes" "--" "firebase-tools@latest" "projects:create" "cardio-konnect-sachin-1" "--display-name" "CardioKonnect" "--non-interactive"
9 verbose logfile logs-max:10 dir:/Users/sachinsrivastava/CardioPlus/.npm_cache/_logs/2026-06-04T01_07_26_402Z-
10 verbose logfile /Users/sachinsrivastava/CardioPlus/.npm_cache/_logs/2026-06-04T01_07_26_402Z-debug-0.log
11 silly logfile done cleaning log files
12 silly packumentCache heap:4496293888 maxSize:1124073472 maxEntrySize:562036736
13 http fetch GET 200 https://registry.npmjs.org/firebase-tools 160ms (cache revalidated)
14 silly packumentCache heap:4496293888 maxSize:1124073472 maxEntrySize:562036736
15 silly packumentCache heap:4496293888 maxSize:1124073472 maxEntrySize:562036736
16 verbose cwd /Users/sachinsrivastava/CardioPlus
17 verbose os Darwin 25.1.0
18 verbose node v24.11.0
19 verbose npm  v11.6.1
20 verbose exit 1
21 verbose code 1
